A51 MACRO ASSEMBLER  1_3_2                                                                10/10/2016 18:48:54 PAGE     1


MACRO ASSEMBLER A51 V8.02b
OBJECT MODULE PLACED IN 1.3.2.OBJ
ASSEMBLER INVOKED BY: C:\Keil_v5\C51\BIN\A51.EXE 1.3.2.ASM SET(SMALL) DEBUG EP

LOC  OBJ            LINE     SOURCE

0000                   1                     ORG 0000
0000 7830              2                     MOV R0,#30H
0002 7B08              3                     MOV R3,#08
0004 E541              4     LP:             MOV A,41H
0006 26                5                     ADD A,@R0
0007 F541              6                     MOV 41H,A
0009 E540              7                     MOV A,40H
000B 3400              8                     ADDC A,#00
000D F540              9                     MOV 40H,A
000F 08               10                     INC R0
0010 DBF2             11                     DJNZ R3,LP
0012 00               12                     NOP
                      13                     END
A51 MACRO ASSEMBLER  1_3_2                                                                10/10/2016 18:48:54 PAGE     2

SYMBOL TABLE LISTING
------ ----- -------


N A M E             T Y P E  V A L U E   ATTRIBUTES

LP . . . . . . . .  C ADDR   0004H   A   


REGISTER BANK(S) USED: 0 


ASSEMBLY COMPLETE.  0 WARNING(S), 0 ERROR(S)
